LIBC {
  global:
    abort;
    accept;
    acos;
    acosf;
    atan2;
    atanf;
    atoi;
    atoll;
    bind;
    calloc;
    ceil;
    chmod;
    chown;
    clearerr;
    close;
    connect;
    cos;
    cosf;
    dlsym;
    exp;
    fclose;
    fcntl;
    fdopen;
    ferror;
    fileno;
    floor;
    fopen;
    fprintf;
    fputc;
    fputs;
    fread;
    free;
    frexp;
    fseek;
    fseeko;
    fstat;
    fsync;
    ftell;
    ftello;
    ftruncate;
    fwrite;
    gethostbyname;
    getpid;
    gettimeofday;
    inet_addr;
    islower;
    isxdigit;
    ldexp;
    listen;
    localtime;
    log;
    log10;
    log10f;
    lrand48;
    lrintf;
    lseek;
    malloc;
    memalign;
    memchr;
    memcmp;
    memcpy;
    memmem;
    memmove;
    memset;
    mkstemp;
    mktime;
    mmap;
    open;
    pow;
    powf;
    printf;
    pthread_attr_destroy;
    pthread_attr_init;
    pthread_attr_setdetachstate;
    pthread_attr_setstacksize;
    pthread_cond_broadcast;
    pthread_cond_wait;
    pthread_create;
    pthread_getspecific;
    pthread_key_create;
    pthread_key_delete;
    pthread_mutex_destroy;
    pthread_mutex_init;
    pthread_mutex_lock;
    pthread_mutex_unlock;
    pthread_mutexattr_init;
    pthread_mutexattr_settype;
    pthread_once;
    pthread_self;
    pthread_setspecific;
    putc;
    puts;
    qsort;
    raise;
    read;
    realloc;
    recv;
    remove;
    rename;
    rint;
    select;
    sem_destroy;
    sem_init;
    sem_post;
    sem_wait;
    send;
    setsockopt;
    sigaction;
    sigprocmask;
    sin;
    sinf;
    snprintf;
    socket;
    sprintf;
    sqrt;
    sqrtf;
    srand48;
    sscanf;
    stat;
    statfs;
    strcasecmp;
    strcat;
    strchr;
    strcmp;
    strcpy;
    strdup;
    strerror;
    strlen;
    strncasecmp;
    strncmp;
    strncpy;
    strrchr;
    strtol;
    strtoul;
    syscall;
    sysconf;
    tan;
    time;
    umask;
    uname;
    unlink;
    usleep;
    utime;
    vasprintf;
    vfprintf;
    vsnprintf;
    wcslen;
    write;
    _exit;
    __assert2;
    __cxa_atexit;
    __cxa_finalize;
    __errno;
    __sF;
    __stack_chk_fail;
    __stack_chk_guard;
    __gnu_ldivmod_helper;
  local:
    *;
};
