LIBC {
  global:
    abort;
    __assert2;
    atoi;
    calloc;
    chmod;
    clearerr;
    close;
    __cxa_atexit;
    __cxa_finalize;
    __errno;
    fclose;
    fdopen;
    ferror;
    fileno;
    fopen;
    fprintf;
    fputc;
    fread;
    free;
    fseek;
    fseeko;
    fstat;
    ftell;
    ftello;
    fwrite;
    getpid;
    islower;
    isxdigit;
    localtime;
    malloc;
    memalign;
    memchr;
    memcmp;
    memcpy;
    memset;
    mkstemp;
    mktime;
    open;
    printf;
    pthread_cond_broadcast;
    pthread_cond_wait;
    pthread_getspecific;
    pthread_key_create;
    pthread_mutex_lock;
    pthread_mutex_unlock;
    pthread_once;
    pthread_setspecific;
    putc;
    qsort;
    raise;
    realloc;
    remove;
    rename;
    __sF;
    snprintf;
    sprintf;
    sscanf;
    __stack_chk_fail;
    __stack_chk_guard;
    stat;
    strcasecmp;
    strcmp;
    strcpy;
    strdup;
    strerror;
    strlen;
    strncmp;
    strrchr;
    strtoul;
    time;
    umask;
    vasprintf;
    vfprintf;
    __gnu_ldivmod_helper;
  local:
    *;
};